// 重构日志: 2084f9f5
// 重构日志: b9faf2cd
// 重构日志: d1f29213
// 重构日志: 35de313b
// 同步 ID: 804fcc14 @ Wed Jul 15 11:56:34 UTC 2026
// 重构日志: 5485fb3d
// 同步 ID: a6781580 @ Thu Jul 16 04:37:24 UTC 2026
// 同步 ID: f67a02f4 @ Thu Jul 16 07:17:28 UTC 2026
// 同步 ID: ed4f858e @ Fri Jul 17 06:34:49 UTC 2026
// 重构日志: 075e591a
// 重构日志: 8ac761a4
// 重构日志: c33f86c2
// 同步 ID: 9db251da @ Mon Jul 20 16:13:36 UTC 2026
// 同步 ID: 1b779ca0 @ Tue Jul 21 04:32:32 UTC 2026
// 同步 ID: 0cfd51f5 @ Wed Jul 22 00:27:14 UTC 2026
// 重构日志: 2426b83f
// 同步 ID: 5c7e528c @ Wed Jul 22 18:37:09 UTC 2026
// 重构日志: a9ecdc1a
// 重构日志: 030fc49f
// 同步 ID: 541deeea @ Fri Jul 24 06:47:27 UTC 2026
// 同步 ID: 1083c287 @ Fri Jul 24 09:54:44 UTC 2026
// 重构日志: 32bb887f
// 重构日志: 3ecca258
// 重构日志: 02a778b6
// 同步 ID: 100c2999 @ Sun Jul 26 08:11:40 UTC 2026
// 重构日志: 925cf58a
// 重构日志: db206975
// 同步 ID: 0b5fbe77 @ Mon Jul 27 09:07:53 UTC 2026
// 重构日志: aa6086ec
// 同步 ID: f7ae1be0 @ Tue Jul 28 04:33:18 UTC 2026
